// Jest Snapshot v1, https://goo.gl/fbAQLP

exports[`With Snapshot Testing App shows "Hello world!" 1`] = `"···Index···Reducer···Sentry···Ant Desktop···Antd Mobile···Health···intl···Sign in···nextjs reason-react boilerplate demonstrating some conceptsFont awesome icon loaded without flickerrendering based on user agent (use chrome devtools pass iphone, etc)This will be rendered on desktop!!react-intl translationsHello, Default!Link with title using intl api for stringAuthHello Preload getInitialProps on hover (* only in production)hover megetInitialPropsonServer: falseContext1000Sticky Footer Example © 2018"`;
